> Task :compileJava UP-TO-DATE
> Task :processResources UP-TO-DATE
> Task :classes UP-TO-DATE
> Task :resolveMainClassName UP-TO-DATE

> Task :bootRun

  .   ____          _            __ _ _
 /\\ / ___'_ __ _ _(_)_ __  __ _ \ \ \ \
( ( )\___ | '_ | '_| | '_ \/ _` | \ \ \ \
 \\/  ___)| |_)| | | | | || (_| |  ) ) ) )
  '  |____| .__|_| |_|_| |_\__, | / / / /
 =========|_|==============|___/=/_/_/_/

 :: Spring Boot ::                (v4.0.0)

2025-12-03T18:13:28.622-05:00  INFO 2828 --- [tejo_bar] [           main] c.tejobar.tejo_bar.TejoBarApplication    : Starting TejoBarApplication using Java 21.0.8 with PID 2828 (C:\Users\ASUS\Downloads\tejo_bar\tejo_bar\build\classes\java\main started by ASUS in C:\Users\ASUS\Downloads\tejo_bar\tejo_bar)
2025-12-03T18:13:28.634-05:00  INFO 2828 --- [tejo_bar] [           main] c.tejobar.tejo_bar.TejoBarApplication    : No active profile set, falling back to 1 default profile: "default"
2025-12-03T18:13:29.258-05:00  INFO 2828 --- [tejo_bar] [           main] .s.d.r.c.RepositoryConfigurationDelegate : Bootstrapping Spring Data JPA repositories in DEFAULT mode.
2025-12-03T18:13:29.324-05:00  INFO 2828 --- [tejo_bar] [           main] .s.d.r.c.RepositoryConfigurationDelegate : Finished Spring Data repository scanning in 58 ms. Found 10 JPA repository interfaces.
2025-12-03T18:13:29.970-05:00  INFO 2828 --- [tejo_bar] [           main] o.s.boot.tomcat.TomcatWebServer          : Tomcat initialized with port 8081 (http)
2025-12-03T18:13:29.988-05:00  INFO 2828 --- [tejo_bar] [           main] o.apache.catalina.core.StandardService   : Starting service [Tomcat]
2025-12-03T18:13:29.988-05:00  INFO 2828 --- [tejo_bar] [           main] o.apache.catalina.core.StandardEngine    : Starting Servlet engine: [Apache Tomcat/11.0.14]
2025-12-03T18:13:30.083-05:00  INFO 2828 --- [tejo_bar] [           main] b.w.c.s.WebApplicationContextInitializer : Root WebApplicationContext: initialization completed in 1398 ms
2025-12-03T18:13:30.351-05:00  INFO 2828 --- [tejo_bar] [           main] o.hibernate.jpa.internal.util.LogHelper  : HHH000204: Processing PersistenceUnitInfo [name: default]
2025-12-03T18:13:30.400-05:00  INFO 2828 --- [tejo_bar] [           main] org.hibernate.Version                    : HHH000412: Hibernate ORM core version 7.1.8.Final
2025-12-03T18:13:30.934-05:00  INFO 2828 --- [tejo_bar] [           main] o.s.o.j.p.SpringPersistenceUnitInfo      : No LoadTimeWeaver setup: ignoring JPA class transformer
2025-12-03T18:13:31.056-05:00  INFO 2828 --- [tejo_bar] [           main] com.zaxxer.hikari.HikariDataSource       : HikariPool-1 - Starting...
2025-12-03T18:13:31.282-05:00  INFO 2828 --- [tejo_bar] [           main] com.zaxxer.hikari.pool.HikariPool        : HikariPool-1 - Added connection com.mysql.cj.jdbc.ConnectionImpl@2299f6d7
2025-12-03T18:13:31.282-05:00  INFO 2828 --- [tejo_bar] [           main] com.zaxxer.hikari.HikariDataSource       : HikariPool-1 - Start completed.
2025-12-03T18:13:31.324-05:00  WARN 2828 --- [tejo_bar] [           main] org.hibernate.dialect.Dialect            : HHH000511: The 5.5.5 version for [org.hibernate.dialect.MySQLDialect] is no longer supported, hence certain features may not work properly. The minimum supported version is 8.0.0. Check the community dialects project for available legacy versions.
2025-12-03T18:13:31.324-05:00  WARN 2828 --- [tejo_bar] [           main] org.hibernate.orm.deprecation            : HHH90000025: MySQLDialect does not need to be specified explicitly using 'hibernate.dialect' (remove the property setting and it will be selected by default)
2025-12-03T18:13:31.340-05:00  INFO 2828 --- [tejo_bar] [           main] org.hibernate.orm.connections.pooling    : HHH10001005: Database info:
	Database JDBC URL [jdbc:mysql://localhost:3306/tejobar?useSSL=false&serverTimezone=UTC&allowPublicKeyRetrieval=true]
	Database driver: MySQL Connector/J
	Database dialect: MySQLDialect
	Database version: 5.5.5
	Default catalog/schema: tejobar/undefined
	Autocommit mode: undefined/unknown
	Isolation level: REPEATABLE_READ [default REPEATABLE_READ]
	JDBC fetch size: none
	Pool: DatasourceConnectionProviderImpl
	Minimum pool size: undefined/unknown
	Maximum pool size: undefined/unknown
2025-12-03T18:13:32.166-05:00  INFO 2828 --- [tejo_bar] [           main] o.h.e.t.j.p.i.JtaPlatformInitiator       : HHH000489: No JTA platform available (set 'hibernate.transaction.jta.platform' to enable JTA platform integration)
2025-12-03T18:13:32.173-05:00  INFO 2828 --- [tejo_bar] [           main] j.LocalContainerEntityManagerFactoryBean : Initialized JPA EntityManagerFactory for persistence unit 'default'
2025-12-03T18:13:32.243-05:00  INFO 2828 --- [tejo_bar] [           main] o.s.d.j.r.query.QueryEnhancerFactories   : Hibernate is in classpath; If applicable, HQL parser will be used.
2025-12-03T18:13:32.423-05:00  WARN 2828 --- [tejo_bar] [           main] JpaBaseConfiguration$JpaWebConfiguration : spring.jpa.open-in-view is enabled by default. Therefore, database queries may be performed during view rendering. Explicitly configure spring.jpa.open-in-view to disable this warning
2025-12-03T18:13:32.507-05:00  WARN 2828 --- [tejo_bar] [           main] .s.a.UserDetailsServiceAutoConfiguration : 

Using generated security password: 10e99db9-68a9-462f-b577-f188b719f0c4

This generated password is for development use only. Your security configuration must be updated before running your application in production.

2025-12-03T18:13:32.516-05:00  INFO 2828 --- [tejo_bar] [           main] r$InitializeUserDetailsManagerConfigurer : Global AuthenticationManager configured with UserDetailsService bean with name inMemoryUserDetailsManager
2025-12-03T18:13:33.166-05:00  WARN 2828 --- [tejo_bar] [           main] ConfigServletWebServerApplicationContext : Exception encountered during context initialization - cancelling refresh attempt: org.springframework.context.ApplicationContextException: Failed to start bean 'webServerStartStop'
2025-12-03T18:13:33.168-05:00  INFO 2828 --- [tejo_bar] [           main] j.LocalContainerEntityManagerFactoryBean : Closing JPA EntityManagerFactory for persistence unit 'default'
2025-12-03T18:13:33.170-05:00  INFO 2828 --- [tejo_bar] [           main] com.zaxxer.hikari.HikariDataSource       : HikariPool-1 - Shutdown initiated...
2025-12-03T18:13:33.174-05:00  INFO 2828 --- [tejo_bar] [           main] com.zaxxer.hikari.HikariDataSource       : HikariPool-1 - Shutdown completed.
2025-12-03T18:13:33.183-05:00  INFO 2828 --- [tejo_bar] [           main] .s.b.a.l.ConditionEvaluationReportLogger : 

Error starting ApplicationContext. To display the condition evaluation report re-run your application with 'debug' enabled.
2025-12-03T18:13:33.202-05:00 ERROR 2828 --- [tejo_bar] [           main] o.s.b.d.LoggingFailureAnalysisReporter   : 

***************************
APPLICATION FAILED TO START
***************************

Description:

Web server failed to start. Port 8081 was already in use.

Action:

Identify and stop the process that's listening on port 8081 or configure this application to listen on another port.


> Task :bootRun FAILED
4 actionable tasks: 1 executed, 3 up-to-date
